#./src/main/resources/Entities.map
#Mon Feb 04 18:05:17 CET 2019
category19=156
category18=155
category17=154
category16=153
category15=152
categoryTranslation50=212
category14=151
category13=150
category12=149
category11=148
category10=147
categoryTranslation9=171
categoryTranslation8=170
categoryTranslation7=169
categoryTranslation6=168
categoryTranslation5=167
categoryTranslation4=166
categoryTranslation3=165
categoryTranslation2=164
categoryTranslation1=163
categoryTranslation49=211
handyworker2=117
categoryTranslation48=210
handyworker1=116
categoryTranslation47=209
categoryTranslation46=208
categoryTranslation45=207
categoryTranslation44=206
categoryTranslation43=205
categoryTranslation42=204
categoryTranslation41=203
categoryTranslation40=202
box28=137
box27=136
box26=135
box25=134
box24=133
box23=132
box22=131
box21=130
box9=126
box8=125
box7=124
box6=123
box5=122
categoryTranslation39=201
box4=121
categoryTranslation38=200
box3=120
categoryTranslation37=199
box2=119
categoryTranslation36=198
box1=118
categoryTranslation35=197
categoryTranslation34=196
categoryTranslation33=195
categoryTranslation32=194
administrator1=113
categoryTranslation31=193
categoryTranslation30=192
box12=129
box11=128
box10=127
categoryTranslation29=191
categoryTranslation28=190
categoryTranslation27=189
warranty1=214
categoryTranslation26=188
categoryTranslation25=187
categoryTranslation24=186
categoryTranslation23=185
categoryTranslation22=184
categoryTranslation21=183
categoryTranslation20=182
customer2=115
customer1=114
categoryTranslation19=181
categoryTranslation18=180
categoryTranslation17=179
categoryTranslation16=178
categoryTranslation15=177
categoryTranslation14=176
categoryTranslation13=175
categoryTranslation12=174
categoryTranslation11=173
categoryTranslation10=172
category9=146
category8=145
category7=144
category6=143
category5=142
category4=141
category3=140
category2=139
category1=138
category25=162
customisation1=213
category24=161
category23=160
category22=159
category21=158
category20=157
userAccount7=112
userAccount6=111
userAccount3=110
userAccount2=109
userAccount1=108
